---
source: crates/texo-core/tests/golden_agent_context.rs
expression: golden
---
{
  "workspace_id": "demo",
  "replayed_through_sequence": 28,
  "freshness_kind": "batpak-local-frontier",
  "claims": [
    {
      "claim_id": "claim_a496fa30ea83",
      "subject_hint": "the-platform-uses-batpak-for-appendonly",
      "text": "The platform uses BatPak for append-only event storage.",
      "source_path": "current_architecture.md",
      "line_start": 3,
      "sequence": 3,
      "supersedes": []
    },
    {
      "claim_id": "claim_6f1e2a2aef13",
      "subject_hint": "the-onboarding-process-uses-the-current",
      "text": "The onboarding process uses the current checklist.",
      "source_path": "current_architecture.md",
      "line_start": 9,
      "sequence": 6,
      "supersedes": []
    },
    {
      "claim_id": "claim_2e3b9fcf2e18",
      "subject_hint": "deploy-process",
      "text": "Decision: deploys moved to Tuesday.",
      "source_path": "meeting_notes.md",
      "line_start": 3,
      "sequence": 9,
      "supersedes": [
        "claim_41ae8efef753",
        "claim_99a832a6ce66",
        "claim_51e452705640",
        "claim_591c69e84c12"
      ]
    },
    {
      "claim_id": "claim_854bccbe8ce8",
      "subject_hint": "release-process",
      "text": "Ben owns release approval now.",
      "source_path": "meeting_notes.md",
      "line_start": 5,
      "sequence": 10,
      "supersedes": [
        "claim_7b88773ca445",
        "claim_74a582198da0",
        "claim_69f8b22cdd6f",
        "claim_f4d0eee19d1e",
        "claim_956c3fdbcd20"
      ]
    },
    {
      "claim_id": "claim_83d08c5b0d58",
      "subject_hint": "the-onboarding-process-uses-the-old",
      "text": "The onboarding process uses the old checklist.",
      "source_path": "old_process.md",
      "line_start": 7,
      "sequence": 16,
      "supersedes": []
    }
  ],
  "stale": [
    {
      "claim_id": "claim_41ae8efef753",
      "superseded_by": "claim_2e3b9fcf2e18"
    },
    {
      "claim_id": "claim_51e452705640",
      "superseded_by": "claim_2e3b9fcf2e18"
    },
    {
      "claim_id": "claim_591c69e84c12",
      "superseded_by": "claim_2e3b9fcf2e18"
    },
    {
      "claim_id": "claim_69f8b22cdd6f",
      "superseded_by": "claim_854bccbe8ce8"
    },
    {
      "claim_id": "claim_74a582198da0",
      "superseded_by": "claim_854bccbe8ce8"
    },
    {
      "claim_id": "claim_7b88773ca445",
      "superseded_by": "claim_854bccbe8ce8"
    },
    {
      "claim_id": "claim_956c3fdbcd20",
      "superseded_by": "claim_854bccbe8ce8"
    },
    {
      "claim_id": "claim_99a832a6ce66",
      "superseded_by": "claim_2e3b9fcf2e18"
    },
    {
      "claim_id": "claim_f4d0eee19d1e",
      "superseded_by": "claim_854bccbe8ce8"
    }
  ]
}
