---
source: crates/texo-cli/tests/cli_golden.rs
expression: claims_summary(&value)
---
{
  "count": 5,
  "sequences": [
    2,
    5,
    8,
    9,
    15
  ],
  "statuses": [
    "current",
    "current",
    "current",
    "current",
    "current"
  ],
  "subjects": [
    "the-platform-uses-batpak-for-appendonly",
    "the-onboarding-process-uses-the-current",
    "deploy-process",
    "release-process",
    "the-onboarding-process-uses-the-old"
  ]
}
